// Jest Snapshot v1, https://goo.gl/fbAQLP

exports[`should render ExpenseList with empty message 1`] = `
<div>
  <p>
    No expenses
  </p>
</div>
`;

exports[`should render ExpenseList with expenses 1`] = `
<div>
  <ExpenseListItem
    amount={105000}
    createdAt={0}
    description="Switch Game"
    id="1"
    key="1"
    note="Mario Kart"
  />
  <ExpenseListItem
    amount={200000}
    createdAt={-345600000}
    description="Rent"
    id="2"
    key="2"
    note="Bigote"
  />
  <ExpenseListItem
    amount={9900}
    createdAt={345600000}
    description="Headspace subscription"
    id="3"
    key="3"
    note="Monthly for May"
  />
</div>
`;
